[0m21:39:44.639526 [debug] [MainThread]: Sending event: {'category': 'dbt', 'action': 'invocation', 'label': 'start', 'context': [<snowplow_tracker.self_describing_json.SelfDescribingJson object at 0x7fbecc97cf80>, <snowplow_tracker.self_describing_json.SelfDescribingJson object at 0x7fbecc6f2c90>, <snowplow_tracker.self_describing_json.SelfDescribingJson object at 0x7fbeccaebe60>]}


============================== 21:39:44.644446 | cbc3e365-aad7-4c16-8bb8-902ea64fd8f8 ==============================
[0m21:39:44.644446 [info ] [MainThread]: Running with dbt=1.12.3
[0m21:39:44.644835 [debug] [MainThread]: running dbt with arguments {'printer_width': '80', 'hints_enabled': 'True', 'warn_error_options': 'WarnErrorOptionsV2(error=[], warn=[], silence=[])', 'indirect_selection': 'eager', 'maximum_seed_size_mib': '1', 'use_colors': 'True', 'empty': 'None', 'write_json': 'True', 'fail_fast': 'False', 'warn_error': 'None', 'use_experimental_parser': 'False', 'log_cache_events': 'False', 'debug': 'False', 'no_print': 'None', 'target_path': 'None', 'send_anonymous_usage_stats': 'True', 'invocation_command': 'dbt debug --profiles-dir . --profile billionaire_watcher --target dev', 'static_parser': 'True', 'introspect': 'True', 'log_path': '/workspace/transform/logs', 'quiet': 'False', 'profiles_dir': '.', 'log_format': 'default', 'partial_parse': 'True', 'cache_selected_only': 'False', 'version_check': 'True'}
[0m21:39:44.651218 [info ] [MainThread]: dbt version: 1.12.3
[0m21:39:44.651493 [info ] [MainThread]: python version: 3.12.3
[0m21:39:44.651679 [info ] [MainThread]: python path: /usr/bin/python3
[0m21:39:44.651851 [info ] [MainThread]: os info: Linux-6.12.94+-x86_64-with-glibc2.39
[0m21:39:44.652023 [info ] [MainThread]: Using profiles dir at .
[0m21:39:44.652204 [info ] [MainThread]: Using profiles.yml file at ./profiles.yml
[0m21:39:44.652354 [info ] [MainThread]: Using dbt_project.yml file at /workspace/transform/dbt_project.yml
[0m21:39:44.734736 [info ] [MainThread]: Configuration:
[0m21:39:44.735031 [info ] [MainThread]:   profiles.yml file [[31mERROR not found[0m]
[0m21:39:44.735227 [info ] [MainThread]:   dbt_project.yml file [[32mOK found and valid[0m]
[0m21:39:44.735398 [info ] [MainThread]: Required dependencies:
[0m21:39:44.735583 [debug] [MainThread]: Executing "git --help"
[0m21:39:44.737460 [debug] [MainThread]: STDOUT: "b"usage: git [-v | --version] [-h | --help] [-C <path>] [-c <name>=<value>]\n           [--exec-path[=<path>]] [--html-path] [--man-path] [--info-path]\n           [-p | --paginate | -P | --no-pager] [--no-replace-objects] [--bare]\n           [--git-dir=<path>] [--work-tree=<path>] [--namespace=<name>]\n           [--config-env=<name>=<envvar>] <command> [<args>]\n\nThese are common Git commands used in various situations:\n\nstart a working area (see also: git help tutorial)\n   clone     Clone a repository into a new directory\n   init      Create an empty Git repository or reinitialize an existing one\n\nwork on the current change (see also: git help everyday)\n   add       Add file contents to the index\n   mv        Move or rename a file, a directory, or a symlink\n   restore   Restore working tree files\n   rm        Remove files from the working tree and from the index\n\nexamine the history and state (see also: git help revisions)\n   bisect    Use binary search to find the commit that introduced a bug\n   diff      Show changes between commits, commit and working tree, etc\n   grep      Print lines matching a pattern\n   log       Show commit logs\n   show      Show various types of objects\n   status    Show the working tree status\n\ngrow, mark and tweak your common history\n   branch    List, create, or delete branches\n   commit    Record changes to the repository\n   merge     Join two or more development histories together\n   rebase    Reapply commits on top of another base tip\n   reset     Reset current HEAD to the specified state\n   switch    Switch branches\n   tag       Create, list, delete or verify a tag object signed with GPG\n\ncollaborate (see also: git help workflows)\n   fetch     Download objects and refs from another repository\n   pull      Fetch from and integrate with another repository or a local branch\n   push      Update remote refs along with associated objects\n\n'git help -a' and 'git help -g' list available subcommands and some\nconcept guides. See 'git help <command>' or 'git help <concept>'\nto read about a specific subcommand or concept.\nSee 'git help git' for an overview of the system.\n""
[0m21:39:44.737916 [debug] [MainThread]: STDERR: "b''"
[0m21:39:44.738139 [info ] [MainThread]:  - git [[32mOK found[0m]

[0m21:39:44.738355 [info ] [MainThread]: Connection test skipped since no profile was found
[0m21:39:44.738539 [info ] [MainThread]: [31m1 check failed:[0m
[0m21:39:44.738710 [info ] [MainThread]: dbt looked for a profiles.yml file in ./profiles.yml, but did
not find one. For more information on configuring your profile, consult the
documentation:

https://docs.getdbt.com/docs/configure-your-profile


[0m21:39:44.739355 [debug] [MainThread]: Resource report: {"command_name": "debug", "command_success": false, "command_wall_clock_time": 0.16039711, "process_in_blocks": "0", "process_kernel_time": 0.176491, "process_mem_max_rss": "116740", "process_out_blocks": "16", "process_user_time": 1.632516}
[0m21:39:44.739712 [debug] [MainThread]: Command `dbt debug` failed at 21:39:44.739637 after 0.16 seconds
[0m21:39:44.739951 [debug] [MainThread]: Sending event: {'category': 'dbt', 'action': 'invocation', 'label': 'end', 'context': [<snowplow_tracker.self_describing_json.SelfDescribingJson object at 0x7fbecc677f50>, <snowplow_tracker.self_describing_json.SelfDescribingJson object at 0x7fbecbb794f0>, <snowplow_tracker.self_describing_json.SelfDescribingJson object at 0x7fbecf0a7530>]}
[0m21:39:44.740183 [debug] [MainThread]: Flushing usage events
[0m21:39:44.823883 [debug] [MainThread]: An error was encountered while trying to flush usage events
[0m21:39:53.704515 [debug] [MainThread]: Sending event: {'category': 'dbt', 'action': 'invocation', 'label': 'start', 'context': [<snowplow_tracker.self_describing_json.SelfDescribingJson object at 0x7f56c0a57bc0>, <snowplow_tracker.self_describing_json.SelfDescribingJson object at 0x7f56c167eff0>, <snowplow_tracker.self_describing_json.SelfDescribingJson object at 0x7f56c1438fb0>]}


============================== 21:39:53.708836 | ba82c8bf-481a-4bf4-8efa-63ed48a19a37 ==============================
[0m21:39:53.708836 [info ] [MainThread]: Running with dbt=1.12.3
[0m21:39:53.709224 [debug] [MainThread]: running dbt with arguments {'send_anonymous_usage_stats': 'True', 'use_experimental_parser': 'False', 'printer_width': '80', 'maximum_seed_size_mib': '1', 'warn_error': 'None', 'static_parser': 'True', 'use_colors': 'True', 'no_print': 'None', 'debug': 'False', 'log_path': '/workspace/transform/logs', 'log_format': 'default', 'write_json': 'True', 'fail_fast': 'False', 'quiet': 'False', 'warn_error_options': 'WarnErrorOptionsV2(error=[], warn=[], silence=[])', 'hints_enabled': 'True', 'target_path': 'None', 'partial_parse': 'True', 'indirect_selection': 'eager', 'profiles_dir': '/workspace/transform', 'invocation_command': 'dbt deps', 'introspect': 'True', 'version_check': 'True', 'cache_selected_only': 'False', 'empty': 'None', 'log_cache_events': 'False'}
[0m21:39:53.799354 [debug] [MainThread]: Sending event: {'category': 'dbt', 'action': 'project_id', 'label': 'ba82c8bf-481a-4bf4-8efa-63ed48a19a37', 'context': [<snowplow_tracker.self_describing_json.SelfDescribingJson object at 0x7f56c51ef380>]}
[0m21:39:53.809147 [debug] [MainThread]: Set downloads directory='/tmp/dbt-downloads-v6jkpo_z'
[0m21:39:53.809517 [debug] [MainThread]: Making package index registry request: GET https://hub.getdbt.com/api/v1/index.json
[0m21:39:53.849416 [debug] [MainThread]: Response from registry index: GET https://hub.getdbt.com/api/v1/index.json 200
[0m21:39:53.850442 [debug] [MainThread]: Making package registry request: GET https://hub.getdbt.com/api/v1/dbt-labs/dbt_utils.json
[0m21:39:53.879690 [debug] [MainThread]: Response from registry: GET https://hub.getdbt.com/api/v1/dbt-labs/dbt_utils.json 200
[0m21:39:53.888213 [info ] [MainThread]: Updating lock file in file path: /workspace/transform/package-lock.yml
[0m21:39:53.889661 [debug] [MainThread]: Set downloads directory='/tmp/dbt-downloads-2v14fwkr'
[0m21:39:53.891745 [info ] [MainThread]: Installing dbt-labs/dbt_utils
[0m21:39:54.007620 [info ] [MainThread]: Installed from version 1.3.0
[0m21:39:54.007897 [info ] [MainThread]: Updated version available: 1.4.1
[0m21:39:54.008123 [debug] [MainThread]: Sending event: {'category': 'dbt', 'action': 'package', 'label': 'ba82c8bf-481a-4bf4-8efa-63ed48a19a37', 'property_': 'install', 'context': [<snowplow_tracker.self_describing_json.SelfDescribingJson object at 0x7f56c0a57b00>, <snowplow_tracker.self_describing_json.SelfDescribingJson object at 0x7f56c2e79d60>]}
[0m21:39:54.008362 [info ] [MainThread]: 
[0m21:39:54.008578 [info ] [MainThread]: Updates available for packages: ['dbt-labs/dbt_utils']                 
Update your versions in packages.yml, then run dbt deps
[0m21:39:54.009369 [debug] [MainThread]: Resource report: {"command_name": "deps", "command_success": true, "command_wall_clock_time": 0.3590234, "process_in_blocks": "0", "process_kernel_time": 0.163574, "process_mem_max_rss": "119284", "process_out_blocks": "2312", "process_user_time": 1.835321}
[0m21:39:54.009674 [debug] [MainThread]: Command `dbt deps` succeeded at 21:39:54.009613 after 0.36 seconds
[0m21:39:54.009956 [debug] [MainThread]: Sending event: {'category': 'dbt', 'action': 'invocation', 'label': 'end', 'context': [<snowplow_tracker.self_describing_json.SelfDescribingJson object at 0x7f56c51ef380>, <snowplow_tracker.self_describing_json.SelfDescribingJson object at 0x7f56c51ef3b0>, <snowplow_tracker.self_describing_json.SelfDescribingJson object at 0x7f56c167eff0>]}
[0m21:39:54.010173 [debug] [MainThread]: Flushing usage events
[0m21:39:54.083593 [debug] [MainThread]: An error was encountered while trying to flush usage events
[0m21:40:01.355183 [debug] [MainThread]: Sending event: {'category': 'dbt', 'action': 'invocation', 'label': 'start', 'context': [<snowplow_tracker.self_describing_json.SelfDescribingJson object at 0x7fd6bd8c81a0>, <snowplow_tracker.self_describing_json.SelfDescribingJson object at 0x7fd6becec770>, <snowplow_tracker.self_describing_json.SelfDescribingJson object at 0x7fd6bf05b8c0>]}


============================== 21:40:01.359365 | b3745859-2c61-4927-ae87-95bd38e611ca ==============================
[0m21:40:01.359365 [info ] [MainThread]: Running with dbt=1.12.3
[0m21:40:01.359724 [debug] [MainThread]: running dbt with arguments {'write_json': 'True', 'log_format': 'default', 'log_cache_events': 'False', 'fail_fast': 'False', 'warn_error_options': 'WarnErrorOptionsV2(error=[], warn=[], silence=[])', 'use_colors': 'True', 'use_experimental_parser': 'False', 'warn_error': 'None', 'invocation_command': 'dbt parse --profiles-dir .', 'profiles_dir': '.', 'hints_enabled': 'True', 'log_path': '/workspace/transform/logs', 'cache_selected_only': 'False', 'partial_parse': 'True', 'indirect_selection': 'eager', 'debug': 'False', 'maximum_seed_size_mib': '1', 'printer_width': '80', 'static_parser': 'True', 'target_path': 'None', 'no_print': 'None', 'version_check': 'True', 'send_anonymous_usage_stats': 'True', 'introspect': 'True', 'quiet': 'False', 'empty': 'None'}
[0m21:40:02.020483 [warn ] [MainThread]: [[33mWARNING[0m][CustomKeyInConfigDeprecation]: Deprecated functionality
Custom key `+location` found in `config` at path `billionaire_watcher.+location`
in file `/workspace/transform/dbt_project.yml`. Custom config keys should move
into the `config.meta`.
[0m21:40:02.020828 [debug] [MainThread]: Sending event: {'category': 'dbt', 'action': 'deprecation', 'label': 'b3745859-2c61-4927-ae87-95bd38e611ca', 'property_': 'warn', 'context': [<snowplow_tracker.self_describing_json.SelfDescribingJson object at 0x7fd6a2e28d70>]}
[0m21:40:02.147187 [debug] [MainThread]: Sending event: {'category': 'dbt', 'action': 'project_id', 'label': 'b3745859-2c61-4927-ae87-95bd38e611ca', 'context': [<snowplow_tracker.self_describing_json.SelfDescribingJson object at 0x7fd6a34c1e80>]}
[0m21:40:02.195597 [debug] [MainThread]: Sending event: {'category': 'dbt', 'action': 'adapter_info', 'label': 'b3745859-2c61-4927-ae87-95bd38e611ca', 'context': [<snowplow_tracker.self_describing_json.SelfDescribingJson object at 0x7fd6bea4f710>]}
[0m21:40:02.196126 [info ] [MainThread]: Registered adapter: bigquery=1.12.0
[0m21:40:02.265492 [debug] [MainThread]: checksum: d7f364c218178e829f060f59c537ea4a2a77e21a26c552880f0923f369b9097e, vars: {}, profile: billionaire_watcher, target: dev, version: 1.12.3
[0m21:40:02.265980 [info ] [MainThread]: Unable to do partial parsing because saved manifest not found. Starting full parse.
[0m21:40:02.266216 [debug] [MainThread]: Sending event: {'category': 'dbt', 'action': 'partial_parser', 'label': 'b3745859-2c61-4927-ae87-95bd38e611ca', 'context': [<snowplow_tracker.self_describing_json.SelfDescribingJson object at 0x7fd6a8874470>]}
[0m21:40:02.276062 [warn ] [MainThread]: [[33mWARNING[0m][PropertyMovedToConfigDeprecation]: Deprecated functionality
Found `meta` as a top-level property of `sources[1].tables[0]` in file
`models/sources.yml`. The `meta` top-level property should be moved into the
`config` of `sources[1].tables[0]`.
[0m21:40:02.276360 [debug] [MainThread]: Sending event: {'category': 'dbt', 'action': 'deprecation', 'label': 'b3745859-2c61-4927-ae87-95bd38e611ca', 'property_': 'warn', 'context': [<snowplow_tracker.self_describing_json.SelfDescribingJson object at 0x7fd6a2c24500>]}
[0m21:40:03.211591 [debug] [MainThread]: STDERR: "Unit Test fixtures benefit from having at least one row free of Null values to ensure consistent column types. Failure to meet this recommendation can result in type mismatch errors between unit test source models and `expected` fixtures."
[0m21:40:03.211885 [debug] [MainThread]: STDERR: "Unit Test fixtures benefit from having at least one row free of Null values to ensure consistent column types. Failure to meet this recommendation can result in type mismatch errors between unit test source models and `expected` fixtures."
[0m21:40:03.213944 [debug] [MainThread]: STDERR: "Unit Test fixtures benefit from having at least one row free of Null values to ensure consistent column types. Failure to meet this recommendation can result in type mismatch errors between unit test source models and `expected` fixtures."
[0m21:40:03.214196 [debug] [MainThread]: STDERR: "Unit Test fixtures benefit from having at least one row free of Null values to ensure consistent column types. Failure to meet this recommendation can result in type mismatch errors between unit test source models and `expected` fixtures."
[0m21:40:03.219058 [debug] [MainThread]: STDERR: "Unit Test fixtures benefit from having at least one row free of Null values to ensure consistent column types. Failure to meet this recommendation can result in type mismatch errors between unit test source models and `expected` fixtures."
[0m21:40:03.224764 [debug] [MainThread]: STDERR: "Unit Test fixtures benefit from having at least one row free of Null values to ensure consistent column types. Failure to meet this recommendation can result in type mismatch errors between unit test source models and `expected` fixtures."
[0m21:40:03.229704 [debug] [MainThread]: STDERR: "Unit Test fixtures benefit from having at least one row free of Null values to ensure consistent column types. Failure to meet this recommendation can result in type mismatch errors between unit test source models and `expected` fixtures."
[0m21:40:03.525932 [warn ] [MainThread]: [[33mWARNING[0m][MissingArgumentsPropertyInGenericTestDeprecation]: Deprecated
functionality
Found top-level arguments to test `dbt_utils.unique_combination_of_columns`
defined on 'stg_rf_socios' in package 'billionaire_watcher'
(models/staging/schema.yml). Arguments to generic tests should be nested under
the `arguments` property.
[0m21:40:03.526263 [debug] [MainThread]: Sending event: {'category': 'dbt', 'action': 'deprecation', 'label': 'b3745859-2c61-4927-ae87-95bd38e611ca', 'property_': 'warn', 'context': [<snowplow_tracker.self_describing_json.SelfDescribingJson object at 0x7fd6a1ae18b0>]}
[0m21:40:03.764931 [debug] [MainThread]: Sending event: {'category': 'dbt', 'action': 'load_project', 'label': 'b3745859-2c61-4927-ae87-95bd38e611ca', 'context': [<snowplow_tracker.self_describing_json.SelfDescribingJson object at 0x7fd6a1ab9070>]}
[0m21:40:03.767633 [info ] [MainThread]: Performance info: /workspace/transform/target/perf_info.json
[0m21:40:03.861385 [debug] [MainThread]: Wrote artifact WritableManifest to /workspace/transform/target/manifest.json
[0m21:40:03.863100 [debug] [MainThread]: Wrote artifact SemanticManifest to /workspace/transform/target/semantic_manifest.json
[0m21:40:03.872176 [debug] [MainThread]: Wrote artifact OsiDocument to /workspace/transform/target/osi_document.json
[0m21:40:03.872637 [warn ] [MainThread]: [[33mWARNING[0m][DeprecationsSummary]: Deprecated functionality
Summary of encountered deprecations:
- CustomKeyInConfigDeprecation: 1 occurrence
- PropertyMovedToConfigDeprecation: 2 occurrences
- MissingArgumentsPropertyInGenericTestDeprecation: 3 occurrences
To see all deprecation instances instead of just the first occurrence of each,
run command again with the `--show-all-deprecations` flag. You may also need to
run with `--no-partial-parse` as some deprecations are only encountered during
parsing.
[0m21:40:03.873027 [debug] [MainThread]: Resource report: {"command_name": "parse", "command_success": true, "command_wall_clock_time": 2.5717928, "process_in_blocks": "0", "process_kernel_time": 0.192007, "process_mem_max_rss": "246648", "process_out_blocks": "3672", "process_user_time": 4.320106}
[0m21:40:03.873299 [debug] [MainThread]: Command `dbt parse` succeeded at 21:40:03.873240 after 2.57 seconds
[0m21:40:03.873519 [debug] [MainThread]: Sending event: {'category': 'dbt', 'action': 'invocation', 'label': 'end', 'context': [<snowplow_tracker.self_describing_json.SelfDescribingJson object at 0x7fd6becec770>, <snowplow_tracker.self_describing_json.SelfDescribingJson object at 0x7fd6a1c669f0>, <snowplow_tracker.self_describing_json.SelfDescribingJson object at 0x7fd6bec519a0>]}
[0m21:40:03.873754 [debug] [MainThread]: Flushing usage events
[0m21:40:03.956558 [debug] [MainThread]: An error was encountered while trying to flush usage events
[0m21:40:27.161031 [debug] [MainThread]: Sending event: {'category': 'dbt', 'action': 'invocation', 'label': 'start', 'context': [<snowplow_tracker.self_describing_json.SelfDescribingJson object at 0x7fafe6dd2900>, <snowplow_tracker.self_describing_json.SelfDescribingJson object at 0x7fafe6cbbec0>, <snowplow_tracker.self_describing_json.SelfDescribingJson object at 0x7fafe799af30>]}


============================== 21:40:27.165133 | 7ca2fac2-5030-4c8d-881c-b4514ebd90e1 ==============================
[0m21:40:27.165133 [info ] [MainThread]: Running with dbt=1.12.3
[0m21:40:27.165477 [debug] [MainThread]: running dbt with arguments {'log_cache_events': 'False', 'hints_enabled': 'True', 'printer_width': '80', 'invocation_command': 'dbt parse --profiles-dir .', 'indirect_selection': 'eager', 'use_experimental_parser': 'False', 'empty': 'None', 'debug': 'False', 'cache_selected_only': 'False', 'maximum_seed_size_mib': '1', 'fail_fast': 'False', 'version_check': 'True', 'profiles_dir': '.', 'quiet': 'False', 'no_print': 'None', 'warn_error_options': 'WarnErrorOptionsV2(error=[], warn=[], silence=[])', 'use_colors': 'True', 'warn_error': 'None', 'introspect': 'True', 'static_parser': 'True', 'write_json': 'True', 'target_path': 'None', 'log_path': '/workspace/transform/logs', 'send_anonymous_usage_stats': 'True', 'log_format': 'default', 'partial_parse': 'True'}
[0m21:40:27.960747 [debug] [MainThread]: Sending event: {'category': 'dbt', 'action': 'project_id', 'label': '7ca2fac2-5030-4c8d-881c-b4514ebd90e1', 'context': [<snowplow_tracker.self_describing_json.SelfDescribingJson object at 0x7fafe61bb830>]}
[0m21:40:28.010433 [debug] [MainThread]: Sending event: {'category': 'dbt', 'action': 'adapter_info', 'label': '7ca2fac2-5030-4c8d-881c-b4514ebd90e1', 'context': [<snowplow_tracker.self_describing_json.SelfDescribingJson object at 0x7fafcbf13e30>]}
[0m21:40:28.011035 [info ] [MainThread]: Registered adapter: bigquery=1.12.0
[0m21:40:28.081957 [debug] [MainThread]: checksum: d7f364c218178e829f060f59c537ea4a2a77e21a26c552880f0923f369b9097e, vars: {}, profile: billionaire_watcher, target: dev, version: 1.12.3
[0m21:40:28.082439 [info ] [MainThread]: Unable to do partial parsing because saved manifest not found. Starting full parse.
[0m21:40:28.082666 [debug] [MainThread]: Sending event: {'category': 'dbt', 'action': 'partial_parser', 'label': '7ca2fac2-5030-4c8d-881c-b4514ebd90e1', 'context': [<snowplow_tracker.self_describing_json.SelfDescribingJson object at 0x7fafcb592db0>]}
[0m21:40:29.352385 [warn ] [MainThread]: [[33mWARNING[0m][MissingArgumentsPropertyInGenericTestDeprecation]: Deprecated
functionality
Found top-level arguments to test `accepted_values` defined on
'stg_cvm_cad_cia_aberta' in package 'billionaire_watcher'
(models/staging/schema.yml). Arguments to generic tests should be nested under
the `arguments` property.
[0m21:40:29.352857 [debug] [MainThread]: Sending event: {'category': 'dbt', 'action': 'deprecation', 'label': '7ca2fac2-5030-4c8d-881c-b4514ebd90e1', 'property_': 'warn', 'context': [<snowplow_tracker.self_describing_json.SelfDescribingJson object at 0x7fafca56ac30>]}
[0m21:40:29.382062 [debug] [MainThread]: STDERR: "Unit Test fixtures benefit from having at least one row free of Null values to ensure consistent column types. Failure to meet this recommendation can result in type mismatch errors between unit test source models and `expected` fixtures."
[0m21:40:29.382397 [debug] [MainThread]: STDERR: "Unit Test fixtures benefit from having at least one row free of Null values to ensure consistent column types. Failure to meet this recommendation can result in type mismatch errors between unit test source models and `expected` fixtures."
[0m21:40:29.384197 [debug] [MainThread]: STDERR: "Unit Test fixtures benefit from having at least one row free of Null values to ensure consistent column types. Failure to meet this recommendation can result in type mismatch errors between unit test source models and `expected` fixtures."
[0m21:40:29.384443 [debug] [MainThread]: STDERR: "Unit Test fixtures benefit from having at least one row free of Null values to ensure consistent column types. Failure to meet this recommendation can result in type mismatch errors between unit test source models and `expected` fixtures."
[0m21:40:29.389018 [debug] [MainThread]: STDERR: "Unit Test fixtures benefit from having at least one row free of Null values to ensure consistent column types. Failure to meet this recommendation can result in type mismatch errors between unit test source models and `expected` fixtures."
[0m21:40:29.394519 [debug] [MainThread]: STDERR: "Unit Test fixtures benefit from having at least one row free of Null values to ensure consistent column types. Failure to meet this recommendation can result in type mismatch errors between unit test source models and `expected` fixtures."
[0m21:40:29.399160 [debug] [MainThread]: STDERR: "Unit Test fixtures benefit from having at least one row free of Null values to ensure consistent column types. Failure to meet this recommendation can result in type mismatch errors between unit test source models and `expected` fixtures."
[0m21:40:29.531759 [debug] [MainThread]: Sending event: {'category': 'dbt', 'action': 'load_project', 'label': '7ca2fac2-5030-4c8d-881c-b4514ebd90e1', 'context': [<snowplow_tracker.self_describing_json.SelfDescribingJson object at 0x7fafca2b7b30>]}
[0m21:40:29.534510 [info ] [MainThread]: Performance info: /workspace/transform/target/perf_info.json
[0m21:40:29.714661 [debug] [MainThread]: Wrote artifact WritableManifest to /workspace/transform/target/manifest.json
[0m21:40:29.716512 [debug] [MainThread]: Wrote artifact SemanticManifest to /workspace/transform/target/semantic_manifest.json
[0m21:40:29.725042 [debug] [MainThread]: Wrote artifact OsiDocument to /workspace/transform/target/osi_document.json
[0m21:40:29.725430 [warn ] [MainThread]: [[33mWARNING[0m][DeprecationsSummary]: Deprecated functionality
Summary of encountered deprecations:
- MissingArgumentsPropertyInGenericTestDeprecation: 1 occurrence
To see all deprecation instances instead of just the first occurrence of each,
run command again with the `--show-all-deprecations` flag. You may also need to
run with `--no-partial-parse` as some deprecations are only encountered during
parsing.
[0m21:40:29.725851 [debug] [MainThread]: Resource report: {"command_name": "parse", "command_success": true, "command_wall_clock_time": 2.6182742, "process_in_blocks": "0", "process_kernel_time": 0.203939, "process_mem_max_rss": "248016", "process_out_blocks": "3680", "process_user_time": 4.342581}
[0m21:40:29.726163 [debug] [MainThread]: Command `dbt parse` succeeded at 21:40:29.726067 after 2.62 seconds
[0m21:40:29.726422 [debug] [MainThread]: Sending event: {'category': 'dbt', 'action': 'invocation', 'label': 'end', 'context': [<snowplow_tracker.self_describing_json.SelfDescribingJson object at 0x7fafe71dd1f0>, <snowplow_tracker.self_describing_json.SelfDescribingJson object at 0x7fafe89dc230>, <snowplow_tracker.self_describing_json.SelfDescribingJson object at 0x7fafd8415490>]}
[0m21:40:29.726673 [debug] [MainThread]: Flushing usage events
[0m21:40:29.799991 [debug] [MainThread]: An error was encountered while trying to flush usage events
[0m21:40:38.503684 [debug] [MainThread]: Sending event: {'category': 'dbt', 'action': 'invocation', 'label': 'start', 'context': [<snowplow_tracker.self_describing_json.SelfDescribingJson object at 0x7ffbbf752990>, <snowplow_tracker.self_describing_json.SelfDescribingJson object at 0x7ffbbeb682f0>, <snowplow_tracker.self_describing_json.SelfDescribingJson object at 0x7ffbbf672c90>]}


============================== 21:40:38.507935 | 4ada652e-d9b5-43da-8ae6-c43bdbd25e37 ==============================
[0m21:40:38.507935 [info ] [MainThread]: Running with dbt=1.12.3
[0m21:40:38.508310 [debug] [MainThread]: running dbt with arguments {'use_experimental_parser': 'False', 'no_print': 'None', 'indirect_selection': 'eager', 'maximum_seed_size_mib': '1', 'empty': 'None', 'version_check': 'True', 'warn_error_options': 'WarnErrorOptionsV2(error=[], warn=[], silence=[])', 'hints_enabled': 'True', 'introspect': 'True', 'target_path': 'None', 'warn_error': 'None', 'write_json': 'True', 'debug': 'False', 'fail_fast': 'False', 'log_path': '/workspace/transform/logs', 'cache_selected_only': 'False', 'send_anonymous_usage_stats': 'True', 'invocation_command': 'dbt parse --profiles-dir .', 'use_colors': 'True', 'printer_width': '80', 'log_cache_events': 'False', 'profiles_dir': '.', 'partial_parse': 'True', 'quiet': 'False', 'static_parser': 'True', 'log_format': 'default'}
[0m21:40:39.286732 [debug] [MainThread]: Sending event: {'category': 'dbt', 'action': 'project_id', 'label': '4ada652e-d9b5-43da-8ae6-c43bdbd25e37', 'context': [<snowplow_tracker.self_describing_json.SelfDescribingJson object at 0x7ffbb0d29520>]}
[0m21:40:39.335494 [debug] [MainThread]: Sending event: {'category': 'dbt', 'action': 'adapter_info', 'label': '4ada652e-d9b5-43da-8ae6-c43bdbd25e37', 'context': [<snowplow_tracker.self_describing_json.SelfDescribingJson object at 0x7ffba86545c0>]}
[0m21:40:39.336072 [info ] [MainThread]: Registered adapter: bigquery=1.12.0
[0m21:40:39.406310 [debug] [MainThread]: checksum: d7f364c218178e829f060f59c537ea4a2a77e21a26c552880f0923f369b9097e, vars: {}, profile: billionaire_watcher, target: dev, version: 1.12.3
[0m21:40:39.406776 [info ] [MainThread]: Unable to do partial parsing because saved manifest not found. Starting full parse.
[0m21:40:39.407010 [debug] [MainThread]: Sending event: {'category': 'dbt', 'action': 'partial_parser', 'label': '4ada652e-d9b5-43da-8ae6-c43bdbd25e37', 'context': [<snowplow_tracker.self_describing_json.SelfDescribingJson object at 0x7ffba3f76d80>]}
[0m21:40:40.733719 [debug] [MainThread]: STDERR: "Unit Test fixtures benefit from having at least one row free of Null values to ensure consistent column types. Failure to meet this recommendation can result in type mismatch errors between unit test source models and `expected` fixtures."
[0m21:40:40.734172 [debug] [MainThread]: STDERR: "Unit Test fixtures benefit from having at least one row free of Null values to ensure consistent column types. Failure to meet this recommendation can result in type mismatch errors between unit test source models and `expected` fixtures."
[0m21:40:40.736088 [debug] [MainThread]: STDERR: "Unit Test fixtures benefit from having at least one row free of Null values to ensure consistent column types. Failure to meet this recommendation can result in type mismatch errors between unit test source models and `expected` fixtures."
[0m21:40:40.736366 [debug] [MainThread]: STDERR: "Unit Test fixtures benefit from having at least one row free of Null values to ensure consistent column types. Failure to meet this recommendation can result in type mismatch errors between unit test source models and `expected` fixtures."
[0m21:40:40.740920 [debug] [MainThread]: STDERR: "Unit Test fixtures benefit from having at least one row free of Null values to ensure consistent column types. Failure to meet this recommendation can result in type mismatch errors between unit test source models and `expected` fixtures."
[0m21:40:40.746545 [debug] [MainThread]: STDERR: "Unit Test fixtures benefit from having at least one row free of Null values to ensure consistent column types. Failure to meet this recommendation can result in type mismatch errors between unit test source models and `expected` fixtures."
[0m21:40:40.750852 [debug] [MainThread]: STDERR: "Unit Test fixtures benefit from having at least one row free of Null values to ensure consistent column types. Failure to meet this recommendation can result in type mismatch errors between unit test source models and `expected` fixtures."
[0m21:40:40.848786 [debug] [MainThread]: Sending event: {'category': 'dbt', 'action': 'load_project', 'label': '4ada652e-d9b5-43da-8ae6-c43bdbd25e37', 'context': [<snowplow_tracker.self_describing_json.SelfDescribingJson object at 0x7ffba2d326f0>]}
[0m21:40:40.851523 [info ] [MainThread]: Performance info: /workspace/transform/target/perf_info.json
[0m21:40:41.022947 [debug] [MainThread]: Wrote artifact WritableManifest to /workspace/transform/target/manifest.json
[0m21:40:41.024655 [debug] [MainThread]: Wrote artifact SemanticManifest to /workspace/transform/target/semantic_manifest.json
[0m21:40:41.033349 [debug] [MainThread]: Wrote artifact OsiDocument to /workspace/transform/target/osi_document.json
[0m21:40:41.033803 [debug] [MainThread]: Resource report: {"command_name": "parse", "command_success": true, "command_wall_clock_time": 2.58373, "process_in_blocks": "0", "process_kernel_time": 0.188151, "process_mem_max_rss": "248140", "process_out_blocks": "3672", "process_user_time": 4.331372}
[0m21:40:41.034086 [debug] [MainThread]: Command `dbt parse` succeeded at 21:40:41.034025 after 2.58 seconds
[0m21:40:41.034315 [debug] [MainThread]: Sending event: {'category': 'dbt', 'action': 'invocation', 'label': 'end', 'context': [<snowplow_tracker.self_describing_json.SelfDescribingJson object at 0x7ffbbf752990>, <snowplow_tracker.self_describing_json.SelfDescribingJson object at 0x7ffbc0225e20>, <snowplow_tracker.self_describing_json.SelfDescribingJson object at 0x7ffba2c09e20>]}
[0m21:40:41.034537 [debug] [MainThread]: Flushing usage events
[0m21:40:41.107846 [debug] [MainThread]: An error was encountered while trying to flush usage events
[0m21:40:49.450658 [debug] [MainThread]: Sending event: {'category': 'dbt', 'action': 'invocation', 'label': 'start', 'context': [<snowplow_tracker.self_describing_json.SelfDescribingJson object at 0x7f69d6eba1b0>, <snowplow_tracker.self_describing_json.SelfDescribingJson object at 0x7f69d6eba540>, <snowplow_tracker.self_describing_json.SelfDescribingJson object at 0x7f69d6eba240>]}


============================== 21:40:49.455091 | a98b3485-ee59-4c79-ad83-0608cf0c28e6 ==============================
[0m21:40:49.455091 [info ] [MainThread]: Running with dbt=1.12.3
[0m21:40:49.455492 [debug] [MainThread]: running dbt with arguments {'no_print': 'None', 'use_colors': 'True', 'log_path': '/workspace/transform/logs', 'write_json': 'True', 'partial_parse': 'True', 'target_path': 'None', 'indirect_selection': 'eager', 'hints_enabled': 'True', 'fail_fast': 'False', 'version_check': 'True', 'invocation_command': 'dbt test --select test_type:unit --profiles-dir .', 'empty': 'None', 'maximum_seed_size_mib': '1', 'static_parser': 'True', 'cache_selected_only': 'False', 'send_anonymous_usage_stats': 'True', 'printer_width': '80', 'introspect': 'True', 'profiles_dir': '.', 'log_cache_events': 'False', 'warn_error': 'None', 'use_experimental_parser': 'False', 'quiet': 'False', 'warn_error_options': 'WarnErrorOptionsV2(error=[], warn=[], silence=[])', 'log_format': 'default', 'debug': 'False'}
[0m21:40:50.267722 [debug] [MainThread]: Sending event: {'category': 'dbt', 'action': 'project_id', 'label': 'a98b3485-ee59-4c79-ad83-0608cf0c28e6', 'context': [<snowplow_tracker.self_describing_json.SelfDescribingJson object at 0x7f69d6fcce00>]}
[0m21:40:50.316722 [debug] [MainThread]: Sending event: {'category': 'dbt', 'action': 'adapter_info', 'label': 'a98b3485-ee59-4c79-ad83-0608cf0c28e6', 'context': [<snowplow_tracker.self_describing_json.SelfDescribingJson object at 0x7f69c03d7830>]}
[0m21:40:50.317290 [info ] [MainThread]: Registered adapter: bigquery=1.12.0
[0m21:40:50.386875 [debug] [MainThread]: checksum: d7f364c218178e829f060f59c537ea4a2a77e21a26c552880f0923f369b9097e, vars: {}, profile: billionaire_watcher, target: dev, version: 1.12.3
[0m21:40:50.509001 [debug] [MainThread]: Partial parsing enabled: 0 files deleted, 0 files added, 0 files changed.
[0m21:40:50.509291 [debug] [MainThread]: Nothing changed, skipping partial parsing.
[0m21:40:50.509462 [debug] [MainThread]: Partial parsing enabled, no changes found, skipping parsing
[0m21:40:50.516256 [debug] [MainThread]: Sending event: {'category': 'dbt', 'action': 'load_project', 'label': 'a98b3485-ee59-4c79-ad83-0608cf0c28e6', 'context': [<snowplow_tracker.self_describing_json.SelfDescribingJson object at 0x7f69c02d14f0>]}
[0m21:40:50.647017 [debug] [MainThread]: Wrote artifact WritableManifest to /workspace/transform/target/manifest.json
[0m21:40:50.648889 [debug] [MainThread]: Wrote artifact SemanticManifest to /workspace/transform/target/semantic_manifest.json
[0m21:40:50.657377 [debug] [MainThread]: Wrote artifact OsiDocument to /workspace/transform/target/osi_document.json
[0m21:40:50.676664 [debug] [MainThread]: Sending event: {'category': 'dbt', 'action': 'resource_counts', 'label': 'a98b3485-ee59-4c79-ad83-0608cf0c28e6', 'context': [<snowplow_tracker.self_describing_json.SelfDescribingJson object at 0x7f69bbaa8b90>]}
[0m21:40:50.677040 [info ] [MainThread]: Found 6 models, 2 seeds, 30 data tests, 5 sources, 677 macros, 6 unit tests
[0m21:40:50.677270 [debug] [MainThread]: Sending event: {'category': 'dbt', 'action': 'runnable_timing', 'label': 'a98b3485-ee59-4c79-ad83-0608cf0c28e6', 'context': [<snowplow_tracker.self_describing_json.SelfDescribingJson object at 0x7f69bbb9da00>]}
[0m21:40:50.678705 [info ] [MainThread]: 
[0m21:40:50.678989 [info ] [MainThread]: Concurrency: 4 threads (target='dev')
[0m21:40:50.679169 [info ] [MainThread]: 
[0m21:40:50.679600 [debug] [MainThread]: Acquiring new bigquery connection 'master'
[0m21:40:50.682884 [debug] [ThreadPool]: Acquiring new bigquery connection 'list_billionairewatcher_billionaire_watcher_billionaire_watcher'
[0m21:40:50.683599 [debug] [ThreadPool]: Opening a new connection, currently in state init
[0m21:41:02.508686 [debug] [ThreadPool]: BigQuery adapter: Got an error when attempting to create a bigquery " "client: 'Runtime Error
  Failed to authenticate with supplied credentials
  error:
  Your default credentials were not found. To set up Application Default Credentials, see https://cloud.google.com/docs/authentication/external/set-up-adc for more information.'
[0m21:41:02.509664 [debug] [MainThread]: Opening a new connection, currently in state init
[0m21:41:14.384052 [debug] [MainThread]: BigQuery adapter: Got an error when attempting to create a bigquery " "client: 'Runtime Error
  Failed to authenticate with supplied credentials
  error:
  Your default credentials were not found. To set up Application Default Credentials, see https://cloud.google.com/docs/authentication/external/set-up-adc for more information.'
[0m21:41:14.384520 [info ] [MainThread]: 
[0m21:41:14.384775 [info ] [MainThread]: Finished running  in 0 hours 0 minutes and 23.71 seconds (23.71s).
[0m21:41:14.386385 [error] [MainThread]: [[31mERROR[0m]: Encountered an error:
Database Error
  Runtime Error
    Failed to authenticate with supplied credentials
    error:
    Your default credentials were not found. To set up Application Default Credentials, see https://cloud.google.com/docs/authentication/external/set-up-adc for more information.
[0m21:41:14.386912 [debug] [MainThread]: Resource report: {"command_name": "test", "command_success": false, "command_wall_clock_time": 24.98935, "process_in_blocks": "0", "process_kernel_time": 0.215892, "process_mem_max_rss": "236832", "process_out_blocks": "2064", "process_user_time": 3.066435}
[0m21:41:14.387242 [debug] [MainThread]: Command `dbt test` failed at 21:41:14.387169 after 24.99 seconds
[0m21:41:14.387503 [debug] [MainThread]: Sending event: {'category': 'dbt', 'action': 'invocation', 'label': 'end', 'context': [<snowplow_tracker.self_describing_json.SelfDescribingJson object at 0x7f69d81ae3c0>, <snowplow_tracker.self_describing_json.SelfDescribingJson object at 0x7f69bbb9fbc0>, <snowplow_tracker.self_describing_json.SelfDescribingJson object at 0x7f69c00f17c0>]}
[0m21:41:14.387747 [debug] [MainThread]: Flushing usage events
[0m21:41:14.466999 [debug] [MainThread]: An error was encountered while trying to flush usage events
